###############################################################################
#
# IAR ELF Linker V8.32.1.169/W32 for ARM                  03/May/2019  14:26:30
# Copyright 2007-2018 IAR Systems AB.
#
#    Output file  =  
#        D:\Work\BOI_STM32_476VG\EWARM\BOI_STM32_476VG\Exe\BOI_STM32_476VG.out
#    Map file     =  
#        D:\Work\BOI_STM32_476VG\EWARM\BOI_STM32_476VG\List\BOI_STM32_476VG.map
#    Command line =  
#        -f C:\Users\KAVALE~1\AppData\Local\Temp\EW983.tmp
#        (D:\Work\BOI_STM32_476VG\EWARM\BOI_STM32_476VG\Obj\AT_CRC.o
#        D:\Work\BOI_STM32_476VG\EWARM\BOI_STM32_476VG\Obj\Inits.o
#        D:\Work\BOI_STM32_476VG\EWARM\BOI_STM32_476VG\Obj\main.o
#        D:\Work\BOI_STM32_476VG\EWARM\BOI_STM32_476VG\Obj\ModbusMaster.o
#        D:\Work\BOI_STM32_476VG\EWARM\BOI_STM32_476VG\Obj\ModbusSlave.o
#        D:\Work\BOI_STM32_476VG\EWARM\BOI_STM32_476VG\Obj\startup_stm32l476xx.o
#        D:\Work\BOI_STM32_476VG\EWARM\BOI_STM32_476VG\Obj\stm32l4xx_hal.o
#        D:\Work\BOI_STM32_476VG\EWARM\BOI_STM32_476VG\Obj\stm32l4xx_hal_adc.o
#        D:\Work\BOI_STM32_476VG\EWARM\BOI_STM32_476VG\Obj\stm32l4xx_hal_adc_ex.o
#        D:\Work\BOI_STM32_476VG\EWARM\BOI_STM32_476VG\Obj\stm32l4xx_hal_cortex.o
#        D:\Work\BOI_STM32_476VG\EWARM\BOI_STM32_476VG\Obj\stm32l4xx_hal_dma.o
#        D:\Work\BOI_STM32_476VG\EWARM\BOI_STM32_476VG\Obj\stm32l4xx_hal_dma_ex.o
#        D:\Work\BOI_STM32_476VG\EWARM\BOI_STM32_476VG\Obj\stm32l4xx_hal_exti.o
#        D:\Work\BOI_STM32_476VG\EWARM\BOI_STM32_476VG\Obj\stm32l4xx_hal_flash.o
#        D:\Work\BOI_STM32_476VG\EWARM\BOI_STM32_476VG\Obj\stm32l4xx_hal_flash_ex.o
#        D:\Work\BOI_STM32_476VG\EWARM\BOI_STM32_476VG\Obj\stm32l4xx_hal_flash_ramfunc.o
#        D:\Work\BOI_STM32_476VG\EWARM\BOI_STM32_476VG\Obj\stm32l4xx_hal_gpio.o
#        D:\Work\BOI_STM32_476VG\EWARM\BOI_STM32_476VG\Obj\stm32l4xx_hal_i2c.o
#        D:\Work\BOI_STM32_476VG\EWARM\BOI_STM32_476VG\Obj\stm32l4xx_hal_i2c_ex.o
#        D:\Work\BOI_STM32_476VG\EWARM\BOI_STM32_476VG\Obj\stm32l4xx_hal_msp.o
#        D:\Work\BOI_STM32_476VG\EWARM\BOI_STM32_476VG\Obj\stm32l4xx_hal_pwr.o
#        D:\Work\BOI_STM32_476VG\EWARM\BOI_STM32_476VG\Obj\stm32l4xx_hal_pwr_ex.o
#        D:\Work\BOI_STM32_476VG\EWARM\BOI_STM32_476VG\Obj\stm32l4xx_hal_rcc.o
#        D:\Work\BOI_STM32_476VG\EWARM\BOI_STM32_476VG\Obj\stm32l4xx_hal_rcc_ex.o
#        D:\Work\BOI_STM32_476VG\EWARM\BOI_STM32_476VG\Obj\stm32l4xx_hal_rtc.o
#        D:\Work\BOI_STM32_476VG\EWARM\BOI_STM32_476VG\Obj\stm32l4xx_hal_rtc_ex.o
#        D:\Work\BOI_STM32_476VG\EWARM\BOI_STM32_476VG\Obj\stm32l4xx_hal_spi.o
#        D:\Work\BOI_STM32_476VG\EWARM\BOI_STM32_476VG\Obj\stm32l4xx_hal_spi_ex.o
#        D:\Work\BOI_STM32_476VG\EWARM\BOI_STM32_476VG\Obj\stm32l4xx_hal_tim.o
#        D:\Work\BOI_STM32_476VG\EWARM\BOI_STM32_476VG\Obj\stm32l4xx_hal_tim_ex.o
#        D:\Work\BOI_STM32_476VG\EWARM\BOI_STM32_476VG\Obj\stm32l4xx_hal_uart.o
#        D:\Work\BOI_STM32_476VG\EWARM\BOI_STM32_476VG\Obj\stm32l4xx_hal_uart_ex.o
#        D:\Work\BOI_STM32_476VG\EWARM\BOI_STM32_476VG\Obj\stm32l4xx_it.o
#        D:\Work\BOI_STM32_476VG\EWARM\BOI_STM32_476VG\Obj\system_stm32l4xx.o
#        D:\Work\BOI_STM32_476VG\EWARM\BOI_STM32_476VG\Obj\UART_Usr.o
#        D:\Work\BOI_STM32_476VG\EWARM\BOI_STM32_476VG\Obj\UARTBuffs.o
#        --redirect _Printf=_PrintfFull --redirect _Scanf=_ScanfFull
#        --no_out_extension -o
#        D:\Work\BOI_STM32_476VG\EWARM\BOI_STM32_476VG\Exe\BOI_STM32_476VG.out
#        --map
#        D:\Work\BOI_STM32_476VG\EWARM\BOI_STM32_476VG\List\BOI_STM32_476VG.map
#        --config D:\Work\BOI_STM32_476VG\EWARM/stm32l476xx_flash.icf
#        --semihosting --entry __iar_program_start --vfe --text_out locale)
#
###############################################################################

*******************************************************************************
*** MESSAGES
***

Error[Li005]: no definition for
          "TIMER::cSuperTimer::cSuperTimer(TIMER::tagSTimer *, unsigned short)"
          [referenced from
          D:\Work\BOI_STM32_476VG\EWARM\BOI_STM32_476VG\Obj\Inits.o]
Error[Li005]: no definition for "MODES::cTest_mode::cTest_mode(char *)"
          [referenced from
          D:\Work\BOI_STM32_476VG\EWARM\BOI_STM32_476VG\Obj\Inits.o]
Error[Li005]: no definition for "MODES::cInfo_mode::cInfo_mode()" [referenced
          from D:\Work\BOI_STM32_476VG\EWARM\BOI_STM32_476VG\Obj\Inits.o]
Error[Li005]: no definition for "MODES::cGM_mode::cGM_mode()" [referenced from
          D:\Work\BOI_STM32_476VG\EWARM\BOI_STM32_476VG\Obj\Inits.o]
Error[Li005]: no definition for "MODES::cBD_Spec_mode::cBD_Spec_mode(MODBUS::cB
          D *, TIMER::cMS_timer_prototype *)"
          [referenced from
          D:\Work\BOI_STM32_476VG\EWARM\BOI_STM32_476VG\Obj\Inits.o]
Error[Li005]: no definition for "MODES::cBD_config::cBD_config(MODBUS::cBD *, T
          IMER::cMS_timer_prototype *, MODES::cBD_Spec_mode *)"
          [referenced from
          D:\Work\BOI_STM32_476VG\EWARM\BOI_STM32_476VG\Obj\Inits.o]
Error[Li005]: no definition for
          "MODES::cBD_mode::cBD_mode(MODBUS::cBD *, MODES::cBD_config *)"
          [referenced from
          D:\Work\BOI_STM32_476VG\EWARM\BOI_STM32_476VG\Obj\Inits.o]
Error[Li005]: no definition for "MODES::cGPS_mode::cGPS_mode()" [referenced
          from D:\Work\BOI_STM32_476VG\EWARM\BOI_STM32_476VG\Obj\Inits.o]
Error[Li005]: no definition for
          "KEYBORD::cKey::cKey(TIMER::cMS_timer_prototype *, unsigned short)"
          [referenced from
          D:\Work\BOI_STM32_476VG\EWARM\BOI_STM32_476VG\Obj\Inits.o]
Error[Li005]: no definition for "GPS::cGPS::cGPS(unsigned char *, unsigned char
           *, unsigned short, unsigned short, UART::cUART_interfacePrototype *,
           void (*)(bool))"
          [referenced from
          D:\Work\BOI_STM32_476VG\EWARM\BOI_STM32_476VG\Obj\Inits.o]
Error[Li005]: no definition for "exception" [referenced from
          D:\Work\BOI_STM32_476VG\EWARM\BOI_STM32_476VG\Obj\UARTBuffs.o]
Error[Li005]: no definition for "huart5" [referenced from
          D:\Work\BOI_STM32_476VG\EWARM\BOI_STM32_476VG\Obj\Inits.o]


*******************************************************************************
*** RUNTIME MODEL ATTRIBUTES
***

CppFlavor                     = *
__CPP_Exceptions              = Disabled
__CPP_Language                = C++14
__Heap_Handler                = Basic
__SystemLibrary               = DLib
__dlib_dynamic_initialization = normal
__dlib_version                = 6


*******************************************************************************
*** HEAP SELECTION
***

The basic heap was selected because no calls to memory allocation
functions were found in the application outside of system library
functions, and there are calls to deallocation functions in the
application.


*******************************************************************************
*** PLACEMENT SUMMARY
***

"A0":  place at 0x800'0000 { ro section .intvec };
"P1":  place in [from 0x800'0000 to 0x80f'ffff] { ro };
define block CSTACK with size = 1K, alignment = 8 { };
define block HEAP with size = 512, alignment = 8 { };
"P2":  place in [from 0x2000'0000 to 0x2001'7fff] {
          rw, block CSTACK, block HEAP };
"P3":  place in [from 0x2000'0000 to 0x2001'7fff] { };
initialize by copy { rw };

  Section                Kind         Address    Size  Object
  -------                ----         -------    ----  ------
"A0":                                           0x188
  .intvec                ro code   0x800'0000   0x188  startup_stm32l476xx.o [1]
                                 - 0x800'0188   0x188

"P1":                                          0x3c10
  .text                  ro code   0x800'0188   0x754  stm32l4xx_hal_tim.o [1]
  .text                  ro code   0x800'08dc   0x3fc  stm32l4xx_hal_msp.o [1]
  .text                  ro code   0x800'0cd8     0x2  stm32l4xx_hal_tim.o [1]
  .text                  ro code   0x800'0cda     0x2  stm32l4xx_hal_tim.o [1]
  .text                  ro code   0x800'0cdc     0x2  stm32l4xx_hal_tim.o [1]
  .text                  ro code   0x800'0cde     0x2  stm32l4xx_hal_tim_ex.o [1]
  .text                  ro code   0x800'0ce0     0x2  stm32l4xx_hal_tim_ex.o [1]
  .text                  ro code   0x800'0ce2     0x2  stm32l4xx_hal_tim.o [1]
  .text                  ro code   0x800'0ce4     0x2  stm32l4xx_hal_tim_ex.o [1]
  .text                  ro code   0x800'0ce6     0x2  stm32l4xx_hal_tim.o [1]
  .text                  ro code   0x800'0ce8   0x204  stm32l4xx_hal_gpio.o [1]
  .text                  ro code   0x800'0eec    0xc4  stm32l4xx_hal_cortex.o [1]
  .text                  ro code   0x800'0fb0     0x6  ABImemclr4.o [5]
  .text                  ro code   0x800'0fb6    0x3a  zero_init3.o [5]
  .text                  ro code   0x800'0ff0    0x32  ABImemset48.o [5]
  .rodata                const     0x800'1022     0x1  unwind_debug.o [6]
  .text                  ro code   0x800'1024   0x6c8  stm32l4xx_hal_rcc.o [1]
  .text                  ro code   0x800'16ec    0x30  stm32l4xx_hal.o [1]
  .text                  ro code   0x800'171c     0xc  stm32l4xx_hal.o [1]
  .text                  ro code   0x800'1728    0x88  stm32l4xx_hal_pwr_ex.o [1]
  .text                  ro code   0x800'17b0   0x650  main.o [1]
  .text                  ro code   0x800'1e00    0x1e  stm32l4xx_hal.o [1]
  .text                  ro code   0x800'1e20   0x5b4  stm32l4xx_hal_adc.o [1]
  .text                  ro code   0x800'23d4    0xae  stm32l4xx_hal_spi.o [1]
  .text                  ro code   0x800'2484   0x63c  stm32l4xx_hal_uart.o [1]
  .text                  ro code   0x800'2ac0   0x302  stm32l4xx_hal_rtc.o [1]
  .text                  ro code   0x800'2dc4    0xe0  stm32l4xx_hal_tim_ex.o [1]
  .text                  ro code   0x800'2ea4    0x18  ABImemcpy_small.o [5]
  .text                  ro code   0x800'2ebc    0x10  stm32l4xx_hal_pwr.o [1]
  .text                  ro code   0x800'2ecc   0x540  stm32l4xx_hal_rcc_ex.o [1]
  .text                  ro code   0x800'340c    0x4a  stm32l4xx_hal_dma.o [1]
  .text                  ro code   0x800'3456     0x2  stm32l4xx_hal_uart.o [1]
  .text                  ro code   0x800'3458     0x2  stm32l4xx_hal_uart_ex.o [1]
  .text                  ro code   0x800'345a     0x2  stm32l4xx_hal_uart.o [1]
  .text                  ro code   0x800'345c   0x106  I64DivMod_small.o [5]
  .text                  ro code   0x800'3564     0x2  I64DivZer.o [5]
  .text                  ro code   0x800'3568   0x210  Inits.o [1]
  .text                  ro code   0x800'3778    0x84  UART_Usr.o [1]
  .text                  ro code   0x800'37fc    0x54  ModbusMaster.o [1]
  .text                  ro code   0x800'3850    0x4c  ModbusSlave.o [1]
  .text                  ro code   0x800'389c    0x54  UARTBuffs.o [1]
  .rodata                const     0x800'38f0    0xcc  main.o [1]
  .text                  ro code   0x800'39bc    0x5c  system_stm32l4xx.o [1]
  .text                  ro code   0x800'3a18    0x44  stm32l4xx_it.o [1]
  .text                  ro code   0x800'3a5c    0x10  stm32l4xx_hal.o [1]
  .rodata                const     0x800'3a6c    0x30  system_stm32l4xx.o [1]
  .rodata                const     0x800'3a9c    0x2c  UART_Usr.o [1]
  .rodata                const     0x800'3ac8    0x2c  UARTBuffs.o [1]
  .text                  ro code   0x800'3af4    0x2c  copy_init3.o [5]
  .text                  ro code   0x800'3b20    0x28  data_init.o [5]
  .text                  ro code   0x800'3b48    0x22  fpinit_M.o [4]
  .iar.init_table        const     0x800'3b6c    0x28  - Linker created -
  .rodata                const     0x800'3b94    0x20  UART_Usr.o [1]
  .text                  ro code   0x800'3bb4    0x20  cmain_call_ctors.o [5]
  .text                  ro code   0x800'3bd4    0x18  cppinit.o [2]
  .text                  ro code   0x800'3bec    0x1e  cmain.o [5]
  .text                  ro code   0x800'3c0a     0x4  low_level_init.o [2]
  .text                  ro code   0x800'3c0e     0x4  exit.o [2]
  .text                  ro code   0x800'3c14     0xa  cexit.o [5]
  .text                  ro code   0x800'3c20    0x14  exit.o [6]
  .text                  ro code   0x800'3c34    0x10  startup_stm32l476xx.o [1]
  .text                  ro code   0x800'3c44     0xc  cstartup_M.o [5]
  .rodata                const     0x800'3c50     0x8  system_stm32l4xx.o [1]
  .text                  ro code   0x800'3c58     0x4  startup_stm32l476xx.o [1]
  .text                  ro code   0x800'3c5c     0x4  startup_stm32l476xx.o [1]
  .text                  ro code   0x800'3c60     0x4  startup_stm32l476xx.o [1]
  .text                  ro code   0x800'3c64     0x4  startup_stm32l476xx.o [1]
  .text                  ro code   0x800'3c68     0x4  startup_stm32l476xx.o [1]
  .text                  ro code   0x800'3c6c     0x4  startup_stm32l476xx.o [1]
  .text                  ro code   0x800'3c70     0x4  startup_stm32l476xx.o [1]
  .text                  ro code   0x800'3c74     0x4  startup_stm32l476xx.o [1]
  .text                  ro code   0x800'3c78     0x4  startup_stm32l476xx.o [1]
  .text                  ro code   0x800'3c7c     0x4  startup_stm32l476xx.o [1]
  .text                  ro code   0x800'3c80     0x4  startup_stm32l476xx.o [1]
  .text                  ro code   0x800'3c84     0x4  startup_stm32l476xx.o [1]
  .text                  ro code   0x800'3c88     0x4  startup_stm32l476xx.o [1]
  .text                  ro code   0x800'3c8c     0x4  startup_stm32l476xx.o [1]
  .text                  ro code   0x800'3c90     0x4  startup_stm32l476xx.o [1]
  .text                  ro code   0x800'3c94     0x4  startup_stm32l476xx.o [1]
  .text                  ro code   0x800'3c98     0x4  startup_stm32l476xx.o [1]
  .text                  ro code   0x800'3c9c     0x4  startup_stm32l476xx.o [1]
  .text                  ro code   0x800'3ca0     0x4  startup_stm32l476xx.o [1]
  .text                  ro code   0x800'3ca4     0x4  startup_stm32l476xx.o [1]
  .text                  ro code   0x800'3ca8     0x4  startup_stm32l476xx.o [1]
  .text                  ro code   0x800'3cac     0x4  startup_stm32l476xx.o [1]
  .text                  ro code   0x800'3cb0     0x4  startup_stm32l476xx.o [1]
  .text                  ro code   0x800'3cb4     0x4  startup_stm32l476xx.o [1]
  .text                  ro code   0x800'3cb8     0x4  startup_stm32l476xx.o [1]
  .text                  ro code   0x800'3cbc     0x4  startup_stm32l476xx.o [1]
  .text                  ro code   0x800'3cc0     0x4  startup_stm32l476xx.o [1]
  .text                  ro code   0x800'3cc4     0x4  startup_stm32l476xx.o [1]
  .text                  ro code   0x800'3cc8     0x4  startup_stm32l476xx.o [1]
  .text                  ro code   0x800'3ccc     0x4  startup_stm32l476xx.o [1]
  .text                  ro code   0x800'3cd0     0x4  startup_stm32l476xx.o [1]
  .text                  ro code   0x800'3cd4     0x4  startup_stm32l476xx.o [1]
  .text                  ro code   0x800'3cd8     0x4  startup_stm32l476xx.o [1]
  .text                  ro code   0x800'3cdc     0x4  startup_stm32l476xx.o [1]
  .text                  ro code   0x800'3ce0     0x4  startup_stm32l476xx.o [1]
  .text                  ro code   0x800'3ce4     0x4  startup_stm32l476xx.o [1]
  .text                  ro code   0x800'3ce8     0x4  startup_stm32l476xx.o [1]
  .text                  ro code   0x800'3cec     0x4  startup_stm32l476xx.o [1]
  .text                  ro code   0x800'3cf0     0x4  startup_stm32l476xx.o [1]
  .text                  ro code   0x800'3cf4     0x4  startup_stm32l476xx.o [1]
  .text                  ro code   0x800'3cf8     0x4  startup_stm32l476xx.o [1]
  .text                  ro code   0x800'3cfc     0x4  startup_stm32l476xx.o [1]
  .text                  ro code   0x800'3d00     0x4  startup_stm32l476xx.o [1]
  .text                  ro code   0x800'3d04     0x4  startup_stm32l476xx.o [1]
  .text                  ro code   0x800'3d08     0x4  startup_stm32l476xx.o [1]
  .text                  ro code   0x800'3d0c     0x4  startup_stm32l476xx.o [1]
  .text                  ro code   0x800'3d10     0x4  startup_stm32l476xx.o [1]
  .text                  ro code   0x800'3d14     0x4  startup_stm32l476xx.o [1]
  .text                  ro code   0x800'3d18     0x4  startup_stm32l476xx.o [1]
  .text                  ro code   0x800'3d1c     0x4  startup_stm32l476xx.o [1]
  .text                  ro code   0x800'3d20     0x4  startup_stm32l476xx.o [1]
  .text                  ro code   0x800'3d24     0x4  startup_stm32l476xx.o [1]
  .text                  ro code   0x800'3d28     0x4  startup_stm32l476xx.o [1]
  .text                  ro code   0x800'3d2c     0x4  startup_stm32l476xx.o [1]
  .text                  ro code   0x800'3d30     0x4  startup_stm32l476xx.o [1]
  .text                  ro code   0x800'3d34     0x4  startup_stm32l476xx.o [1]
  .text                  ro code   0x800'3d38     0x4  startup_stm32l476xx.o [1]
  .text                  ro code   0x800'3d3c     0x4  startup_stm32l476xx.o [1]
  .text                  ro code   0x800'3d40     0x4  startup_stm32l476xx.o [1]
  .text                  ro code   0x800'3d44     0x4  startup_stm32l476xx.o [1]
  .text                  ro code   0x800'3d48     0x4  startup_stm32l476xx.o [1]
  .text                  ro code   0x800'3d4c     0x4  startup_stm32l476xx.o [1]
  .text                  ro code   0x800'3d50     0x4  startup_stm32l476xx.o [1]
  .text                  ro code   0x800'3d54     0x4  startup_stm32l476xx.o [1]
  .text                  ro code   0x800'3d58     0x4  startup_stm32l476xx.o [1]
  .text                  ro code   0x800'3d5c     0x4  startup_stm32l476xx.o [1]
  .text                  ro code   0x800'3d60     0x4  startup_stm32l476xx.o [1]
  .text                  ro code   0x800'3d64     0x4  startup_stm32l476xx.o [1]
  .text                  ro code   0x800'3d68     0x4  startup_stm32l476xx.o [1]
  .text                  ro code   0x800'3d6c     0x4  startup_stm32l476xx.o [1]
  .text                  ro code   0x800'3d70     0x4  startup_stm32l476xx.o [1]
  .text                  ro code   0x800'3d74     0x4  startup_stm32l476xx.o [1]
  .text                  ro code   0x800'3d78     0x4  startup_stm32l476xx.o [1]
  .text                  ro code   0x800'3d7c     0x4  startup_stm32l476xx.o [1]
  .text                  ro code   0x800'3d80     0x4  startup_stm32l476xx.o [1]
  .text                  ro code   0x800'3d84     0x4  startup_stm32l476xx.o [1]
  .text                  ro code   0x800'3d88     0x4  startup_stm32l476xx.o [1]
  .text                  ro code   0x800'3d8c     0x4  startup_stm32l476xx.o [1]
  SHT$$PREINIT_ARRAY               0x800'3d90     0x0  <Block>
  SHT$$INIT_ARRAY                  0x800'3d90     0x4  <Block>
    .init_array          const     0x800'3d90     0x4  Inits.o [1]
  __iar_tls$$INIT_ARRAY            0x800'3d94     0x0  <Block>
  Initializer bytes      const     0x800'3d94     0x4  <for P2-P3-1> (used: 0x0)
  .rodata                const     0x800'3d98     0x0  zero_init3.o [5]
  .rodata                const     0x800'3d98     0x0  copy_init3.o [5]
                                 - 0x800'3d98  0x3c10

"P2-P3", part 1 of 3:                             0x4
  P2-P3-1                         0x2000'0000     0x4  <Init block>
    .data                inited   0x2000'0000     0x4  system_stm32l4xx.o [1]
                                - 0x2000'0004     0x4

"P2-P3", part 2 of 3:                          0x9c38
  .bss                   zero     0x2000'0004  0x9810  Inits.o [1]
  .bss                   zero     0x2000'9814   0x3b0  main.o [1]
  .bss                   zero     0x2000'9bc4    0x40  main.o [1]
  .bss                   zero     0x2000'9c04    0x30  UART_Usr.o [1]
  .bss                   zero     0x2000'9c34     0x4  stm32l4xx_hal.o [1]
  .bss                   zero     0x2000'9c38     0x1  AT_CRC.o [1]
                                - 0x2000'9c39  0x9c35

"P2-P3", part 3 of 3:                           0x400
  CSTACK                          0x2000'9c40   0x400  <Block>
    CSTACK               uninit   0x2000'9c40   0x400  <Block tail>
                                - 0x2000'a040   0x400

Unused ranges:

         From           To      Size
         ----           --      ----
   0x800'3d98   0x80f'ffff  0xf'c268
  0x2000'9c3c  0x2000'9c3f       0x4
  0x2000'a040  0x2001'7fff    0xdfc0


*******************************************************************************
*** INIT TABLE
***

          Address      Size
          -------      ----
Zero (__iar_zero_init3)
    1 destination range, total size 0x9c35:
          0x2000'0004  0x9c35

Copy (__iar_copy_init3)
    1 source range, total size 0x4:
           0x800'3d94     0x4
    1 destination range, total size 0x4:
          0x2000'0000     0x4

Extra (__iar_cstart_call_ctors)



*******************************************************************************
*** MODULE SUMMARY
***

    Module                   ro code  ro data  rw data
    ------                   -------  -------  -------
command line/config:
    --------------------------------------------------
    Total:

D:\Work\BOI_STM32_476VG\EWARM\BOI_STM32_476VG\Obj: [1]
    AT_CRC.o                                         1
    Inits.o                      528        4   38 928
    ModbusMaster.o                84
    ModbusSlave.o                 76
    UARTBuffs.o                   84       44
    UART_Usr.o                   132       76       48
    main.o                     1 616      204    1 008
    startup_stm32l476xx.o        720
    stm32l4xx_hal.o              106                 4
    stm32l4xx_hal_adc.o        1 460
    stm32l4xx_hal_cortex.o       196
    stm32l4xx_hal_dma.o           74
    stm32l4xx_hal_gpio.o         516
    stm32l4xx_hal_msp.o        1 020
    stm32l4xx_hal_pwr.o           16
    stm32l4xx_hal_pwr_ex.o       136
    stm32l4xx_hal_rcc.o        1 736
    stm32l4xx_hal_rcc_ex.o     1 344
    stm32l4xx_hal_rtc.o          770
    stm32l4xx_hal_spi.o          174
    stm32l4xx_hal_tim.o        1 886
    stm32l4xx_hal_tim_ex.o       230
    stm32l4xx_hal_uart.o       1 600
    stm32l4xx_hal_uart_ex.o        2
    stm32l4xx_it.o                68
    system_stm32l4xx.o            92       60        4
    --------------------------------------------------
    Total:                    14 666      388   39 993

dl7M_tlf.a: [2]
    cppinit.o                     24
    exit.o                         4
    low_level_init.o               4
    --------------------------------------------------
    Total:                        32

dlpp7M_tl_fc.a: [3]
    --------------------------------------------------
    Total:

m7M_tls.a: [4]
    fpinit_M.o                    34
    --------------------------------------------------
    Total:                        34

rt7M_tl.a: [5]
    ABImemclr4.o                   6
    ABImemcpy_small.o             24
    ABImemset48.o                 50
    I64DivMod_small.o            262
    I64DivZer.o                    2
    cexit.o                       10
    cmain.o                       30
    cmain_call_ctors.o            32
    copy_init3.o                  44
    cstartup_M.o                  12
    data_init.o                   40
    zero_init3.o                  58
    --------------------------------------------------
    Total:                       570

shb_l.a: [6]
    exit.o                        20
    unwind_debug.o                          1
    --------------------------------------------------
    Total:                        20        1

    Gaps                          15        2
    Linker created                         40    1 024
------------------------------------------------------
    Grand Total:              15 337      431   41 017


*******************************************************************************
*** ENTRY LIST
***

Entry                       Address    Size  Type      Object
-----                       -------    ----  ----      ------
.iar.init_table$$Base    0x800'3b6c           --   Gb  - Linker created -
.iar.init_table$$Limit   0x800'3b94           --   Gb  - Linker created -
?main                    0x800'3bed          Code  Gb  cmain.o [5]
AHBPrescTable            0x800'3a08    0x10  Data  Gb  system_stm32l4xx.o [1]
APBPrescTable            0x800'3c50     0x8  Data  Gb  system_stm32l4xx.o [1]
BD                      0x2000'207c   0x234  Data  Gb  Inits.o [1]
BusFault_Handler         0x800'3a1f     0x2  Code  Gb  stm32l4xx_it.o [1]
CRC_USR::CRC_global     0x2000'9c38     0x1  Data  Gb  AT_CRC.o [1]
CSTACK$$Base            0x2000'9c40           --   Gb  - Linker created -
CSTACK$$Limit           0x2000'a040           --   Gb  - Linker created -
DebugMon_Handler         0x800'3a25     0x2  Code  Gb  stm32l4xx_it.o [1]
GPS_mode                0x2000'9714    0x54  Data  Gb  Inits.o [1]
GPS_power(bool)          0x800'3731    0x22  Code  Gb  Inits.o [1]
HAL_ADC_ConfigChannel    0x800'2029   0x318  Code  Gb  stm32l4xx_hal_adc.o [1]
HAL_ADC_Init             0x800'1e65   0x19a  Code  Gb  stm32l4xx_hal_adc.o [1]
HAL_ADC_MspInit          0x800'090b    0x54  Code  Gb  stm32l4xx_hal_msp.o [1]
HAL_DMA_Abort_IT         0x800'340d    0x4a  Code  Gb  stm32l4xx_hal_dma.o [1]
HAL_GPIO_Init            0x800'0ce9   0x1cc  Code  Gb  stm32l4xx_hal_gpio.o [1]
HAL_GPIO_WritePin        0x800'0ebf     0xa  Code  Gb  stm32l4xx_hal_gpio.o [1]
HAL_GetTick              0x800'171d     0xc  Code  Wk  stm32l4xx_hal.o [1]
HAL_IncTick              0x800'3a5d    0x10  Code  Wk  stm32l4xx_hal.o [1]
HAL_Init                 0x800'1e01    0x1e  Code  Gb  stm32l4xx_hal.o [1]
HAL_InitTick             0x800'16ed    0x30  Code  Wk  stm32l4xx_hal.o [1]
HAL_MspInit              0x800'08dd    0x2e  Code  Gb  stm32l4xx_hal_msp.o [1]
HAL_NVIC_EnableIRQ       0x800'0f5b     0xa  Code  Gb  stm32l4xx_hal_cortex.o [1]
HAL_NVIC_SetPriority     0x800'0f21    0x3a  Code  Gb  stm32l4xx_hal_cortex.o [1]
HAL_NVIC_SetPriorityGrouping
                         0x800'0f07    0x1a  Code  Gb  stm32l4xx_hal_cortex.o [1]
HAL_PWREx_ControlVoltageScaling
                         0x800'1735    0x5e  Code  Gb  stm32l4xx_hal_pwr_ex.o [1]
HAL_PWREx_GetVoltageRange
                         0x800'1729     0xc  Code  Gb  stm32l4xx_hal_pwr_ex.o [1]
HAL_PWR_EnableBkUpAccess
                         0x800'2ebd     0xc  Code  Gb  stm32l4xx_hal_pwr.o [1]
HAL_RCCEx_EnableMSIPLLMode
                         0x800'320b     0xc  Code  Gb  stm32l4xx_hal_rcc_ex.o [1]
HAL_RCCEx_PeriphCLKConfig
                         0x800'2ecd   0x324  Code  Gb  stm32l4xx_hal_rcc_ex.o [1]
HAL_RCC_ClockConfig      0x800'1425    0xfc  Code  Gb  stm32l4xx_hal_rcc.o [1]
HAL_RCC_GetPCLK1Freq     0x800'1615    0x10  Code  Gb  stm32l4xx_hal_rcc.o [1]
HAL_RCC_GetPCLK2Freq     0x800'1625     0xe  Code  Gb  stm32l4xx_hal_rcc.o [1]
HAL_RCC_GetSysClockFreq
                         0x800'157f    0x96  Code  Gb  stm32l4xx_hal_rcc.o [1]
HAL_RCC_MCOConfig        0x800'1537    0x48  Code  Gb  stm32l4xx_hal_rcc.o [1]
HAL_RCC_OscConfig        0x800'1025   0x3dc  Code  Gb  stm32l4xx_hal_rcc.o [1]
HAL_RTC_Init             0x800'2ac1    0xa0  Code  Gb  stm32l4xx_hal_rtc.o [1]
HAL_RTC_MspInit          0x800'095f    0x18  Code  Gb  stm32l4xx_hal_msp.o [1]
HAL_RTC_SetDate          0x800'2c5d    0xa0  Code  Gb  stm32l4xx_hal_rtc.o [1]
HAL_RTC_SetTime          0x800'2b6f    0xe2  Code  Gb  stm32l4xx_hal_rtc.o [1]
HAL_RTC_WaitForSynchro   0x800'2d45    0x32  Code  Gb  stm32l4xx_hal_rtc.o [1]
HAL_SPI_Init             0x800'23d5    0xa2  Code  Gb  stm32l4xx_hal_spi.o [1]
HAL_SPI_MspInit          0x800'0977    0xb0  Code  Gb  stm32l4xx_hal_msp.o [1]
HAL_SYSTICK_Config       0x800'0f6f    0x28  Code  Gb  stm32l4xx_hal_cortex.o [1]
HAL_TIMEx_Break2Callback
                         0x800'0ce1     0x2  Code  Wk  stm32l4xx_hal_tim_ex.o [1]
HAL_TIMEx_BreakCallback
                         0x800'0cdf     0x2  Code  Wk  stm32l4xx_hal_tim_ex.o [1]
HAL_TIMEx_CommutationCallback
                         0x800'0ce5     0x2  Code  Wk  stm32l4xx_hal_tim_ex.o [1]
HAL_TIMEx_ConfigBreakDeadTime
                         0x800'2e17    0x84  Code  Gb  stm32l4xx_hal_tim_ex.o [1]
HAL_TIMEx_MasterConfigSynchronization
                         0x800'2dc5    0x52  Code  Gb  stm32l4xx_hal_tim_ex.o [1]
HAL_TIM_Base_Init        0x800'0189    0x1a  Code  Gb  stm32l4xx_hal_tim.o [1]
HAL_TIM_Base_MspInit     0x800'0a73    0x66  Code  Gb  stm32l4xx_hal_msp.o [1]
HAL_TIM_IRQHandler       0x800'01e1   0x15c  Code  Gb  stm32l4xx_hal_tim.o [1]
HAL_TIM_MspPostInit      0x800'0ae3    0x42  Code  Gb  stm32l4xx_hal_msp.o [1]
HAL_TIM_PWM_ConfigChannel
                         0x800'0343   0x116  Code  Gb  stm32l4xx_hal_tim.o [1]
HAL_TIM_PWM_Init         0x800'01b7    0x1a  Code  Gb  stm32l4xx_hal_tim.o [1]
HAL_TIM_PWM_MspInit      0x800'0a27    0x4c  Code  Gb  stm32l4xx_hal_msp.o [1]
HAL_TIM_SlaveConfigSynchronization
                         0x800'048d    0x1a  Code  Gb  stm32l4xx_hal_tim.o [1]
HAL_UARTEx_WakeupCallback
                         0x800'3459     0x2  Code  Wk  stm32l4xx_hal_uart_ex.o [1]
HAL_UART_IRQHandler      0x800'2505   0x144  Code  Gb  stm32l4xx_hal_uart.o [1]
HAL_UART_Init            0x800'2485    0x30  Code  Gb  stm32l4xx_hal_uart.o [1]
HAL_UART_MspInit         0x800'0b51    0xde  Code  Gb  stm32l4xx_hal_msp.o [1]
HardFault_Handler        0x800'3a1b     0x2  Code  Gb  stm32l4xx_it.o [1]
LL_ADC_GetOffsetChannel
                         0x800'1e21     0xe  Code  Lc  stm32l4xx_hal_adc.o [1]
LL_ADC_SetChannelSamplingTime
                         0x800'1e41    0x24  Code  Lc  stm32l4xx_hal_adc.o [1]
LL_ADC_SetOffsetState    0x800'1e2f    0x12  Code  Lc  stm32l4xx_hal_adc.o [1]
MODBUS::cBD::cBD(unsigned char *, unsigned char *, unsigned short, unsigned short, UART::cUART_interfacePrototype *, TIMER::cMS_timer_prototype *)
                         0x800'37fd    0x4e  Code  Gb  ModbusMaster.o [1]
MODBUS::cPC::cPC(unsigned char *, unsigned char *, unsigned short, unsigned short, UART::cUART_interfacePrototype *, MODBUS::tagBDs *, unsigned short, unsigned char)
                         0x800'3851    0x46  Code  Gb  ModbusSlave.o [1]
MSIRangeTable            0x800'3a6c    0x30  Data  Gb  system_stm32l4xx.o [1]
MX_GPIO_Init             0x800'1bcb   0x1a8  Code  Lc  main.o [1]
MX_TIM1_Init             0x800'1b37    0x94  Code  Lc  main.o [1]
MemManage_Handler        0x800'3a1d     0x2  Code  Gb  stm32l4xx_it.o [1]
NMI_Handler              0x800'3a19     0x2  Code  Gb  stm32l4xx_it.o [1]
NVIC_SetPriority         0x800'0eed    0x1a  Code  Lc  stm32l4xx_hal_cortex.o [1]
PendSV_Handler           0x800'3a27     0x2  Code  Gb  stm32l4xx_it.o [1]
RCCEx_PLLSAI1_Config     0x800'3217    0xc8  Code  Lc  stm32l4xx_hal_rcc_ex.o [1]
RCCEx_PLLSAI2_Config     0x800'32e5    0xac  Code  Lc  stm32l4xx_hal_rcc_ex.o [1]
RCC_SetFlashLatencyFromMSIRange
                         0x800'163d    0x74  Code  Lc  stm32l4xx_hal_rcc.o [1]
RTC_ByteToBcd2           0x800'2dad    0x16  Code  Gb  stm32l4xx_hal_rtc.o [1]
RTC_EnterInitMode        0x800'2d77    0x36  Code  Gb  stm32l4xx_hal_rtc.o [1]
Region$$Table$$Base      0x800'3b6c           --   Gb  - Linker created -
Region$$Table$$Limit     0x800'3b94           --   Gb  - Linker created -
SHT$$INIT_ARRAY$$Base    0x800'3d90           --   Gb  - Linker created -
SHT$$INIT_ARRAY$$Limit   0x800'3d94           --   Gb  - Linker created -
SHT$$PREINIT_ARRAY$$Base
                         0x800'3d90           --   Gb  - Linker created -
SHT$$PREINIT_ARRAY$$Limit
                         0x800'3d90           --   Gb  - Linker created -
SVC_Handler              0x800'3a23     0x2  Code  Gb  stm32l4xx_it.o [1]
SysTick_Handler          0x800'3a29     0x4  Code  Gb  stm32l4xx_it.o [1]
SystemClock_Config       0x800'1a5f    0xd0  Code  Gb  main.o [1]
SystemCoreClock         0x2000'0000     0x4  Data  Gb  system_stm32l4xx.o [1]
SystemInit               0x800'39bd    0x3c  Code  Gb  system_stm32l4xx.o [1]
TIM1_BRK_TIM15_IRQHandler
                         0x800'3a2d    0x12  Code  Gb  stm32l4xx_it.o [1]
TIM_Base_SetConfig       0x800'04d7    0xac  Code  Gb  stm32l4xx_hal_tim.o [1]
TIM_ETR_SetConfig        0x800'08c3    0x14  Code  Gb  stm32l4xx_hal_tim.o [1]
TIM_OC1_SetConfig        0x800'0583    0x7e  Code  Lc  stm32l4xx_hal_tim.o [1]
TIM_OC2_SetConfig        0x800'0601    0x72  Code  Gb  stm32l4xx_hal_tim.o [1]
TIM_OC3_SetConfig        0x800'0673    0x70  Code  Lc  stm32l4xx_hal_tim.o [1]
TIM_OC4_SetConfig        0x800'06e3    0x4e  Code  Lc  stm32l4xx_hal_tim.o [1]
TIM_OC5_SetConfig        0x800'0731    0x54  Code  Lc  stm32l4xx_hal_tim.o [1]
TIM_OC6_SetConfig        0x800'0785    0x4e  Code  Lc  stm32l4xx_hal_tim.o [1]
TIM_SlaveTimer_SetConfig
                         0x800'07e1    0x6a  Code  Lc  stm32l4xx_hal_tim.o [1]
TIM_TI1_ConfigInputStage
                         0x800'0881    0x1e  Code  Lc  stm32l4xx_hal_tim.o [1]
TIM_TI2_ConfigInputStage
                         0x800'089f    0x24  Code  Lc  stm32l4xx_hal_tim.o [1]
UART4_IRQHandler         0x800'3a45     0x6  Code  Gb  stm32l4xx_it.o [1]
UART::UARTs             0x2000'9c04    0x30  Data  Gb  UART_Usr.o [1]
UART::cUART::cUART(uint8_t *, uint8_t *, uint16_t, uint16_t, UART_HandleTypeDef *, uint16_t)::__FUNCTION__
                         0x800'37e4     0x8  Data  Lc  UART_Usr.o [1]
UART::cUART::cUART(unsigned char *, unsigned char *, unsigned short, unsigned short, __UART_HandleTypeDef *, unsigned short)
                         0x800'3779    0x60  Code  Gb  UART_Usr.o [1]
UART::classWithBoobs::buffersInit(uint8_t *, uint8_t *, uint16_t, uint16_t)::__FUNCTION__
                         0x800'38d4     0xc  Data  Lc  UARTBuffs.o [1]
UART::classWithBoobs::buffersInit(unsigned char *, unsigned char *, unsigned short, unsigned short)
                         0x800'389d    0x34  Code  Gb  UARTBuffs.o [1]
UART_AdvFeatureConfig    0x800'290d    0xc6  Code  Gb  stm32l4xx_hal_uart.o [1]
UART_CheckIdleState      0x800'29d3    0x5a  Code  Gb  stm32l4xx_hal_uart.o [1]
UART_DMAAbortOnError     0x800'2ab1    0x10  Code  Lc  stm32l4xx_hal_uart.o [1]
UART_EndRxTransfer       0x800'2a91    0x20  Code  Lc  stm32l4xx_hal_uart.o [1]
UART_SetConfig           0x800'2655   0x27c  Code  Gb  stm32l4xx_hal_uart.o [1]
UART_WaitOnFlagUntilTimeout
                         0x800'2a2d    0x58  Code  Gb  stm32l4xx_hal_uart.o [1]
USART2_IRQHandler        0x800'3a3f     0x6  Code  Gb  stm32l4xx_it.o [1]
USB                     0x2000'22b0    0x24  Data  Gb  Inits.o [1]
UsageFault_Handler       0x800'3a21     0x2  Code  Gb  stm32l4xx_it.o [1]
Virtual function table for UART::cUART
                         0x800'3b94    0x20  Data  Gb  UART_Usr.o [1]
__aeabi_ldiv0            0x800'3565          Code  Gb  I64DivZer.o [5]
__aeabi_memclr4          0x800'0fb1          Code  Gb  ABImemclr4.o [5]
__call_ctors             0x800'3bd5    0x18  Code  Gb  cppinit.o [2]
__cmain                  0x800'3bed          Code  Gb  cmain.o [5]
__exit                   0x800'3c21    0x14  Code  Gb  exit.o [6]
__iar_Memset4_word       0x800'0ff1          Code  Gb  ABImemset48.o [5]
__iar_Memset8_word       0x800'0ff1          Code  Gb  ABImemset48.o [5]
__iar_copy_init3         0x800'3af5    0x2c  Code  Gb  copy_init3.o [5]
__iar_cstart_call_ctors
                         0x800'3bb5    0x20  Code  Gb  cmain_call_ctors.o [5]
__iar_data_init3         0x800'3b21    0x28  Code  Gb  data_init.o [5]
__iar_debug_exceptions   0x800'1022     0x1  Data  Gb  unwind_debug.o [6]
__iar_init_vfp           0x800'3b49          Code  Gb  fpinit_M.o [4]
__iar_program_start      0x800'3c45          Code  Gb  cstartup_M.o [5]
__iar_small_Memcpy       0x800'2ea9          Code  Gb  ABImemcpy_small.o [5]
__iar_small_memcpy       0x800'2ea5          Code  Gb  ABImemcpy_small.o [5]
__iar_small_memcpy4      0x800'2ea5          Code  Gb  ABImemcpy_small.o [5]
__iar_small_memcpy8      0x800'2ea5          Code  Gb  ABImemcpy_small.o [5]
__iar_small_uldivmod     0x800'345d          Code  Gb  I64DivMod_small.o [5]
__iar_tls$$INIT_ARRAY$$Base
                         0x800'3d94           --   Gb  - Linker created -
__iar_tls$$INIT_ARRAY$$Limit
                         0x800'3d94           --   Gb  - Linker created -
__iar_zero_init3         0x800'0fb7    0x3a  Code  Gb  zero_init3.o [5]
__low_level_init         0x800'3c0b     0x4  Code  Gb  low_level_init.o [2]
__sti__routine           0x800'3569   0x1c0  Code  Lc  Inits.o [1]
__vector_table           0x800'0000          Data  Gb  startup_stm32l476xx.o [1]
_call_main               0x800'3bf9          Code  Gb  cmain.o [5]
_exit                    0x800'3c15          Code  Gb  cexit.o [5]
_main                    0x800'3c07          Code  Gb  cmain.o [5]
allInited               0x2000'000c     0x1  Data  Gb  Inits.o [1]
bdStr                   0x2000'0004     0x8  Data  Gb  Inits.o [1]
bd_mode                 0x2000'96b0    0x64  Data  Gb  Inits.o [1]
buffer1                 0x2000'0010   0x400  Data  Gb  Inits.o [1]
buffer2                 0x2000'0410   0x400  Data  Gb  Inits.o [1]
buffer3                 0x2000'0810   0x400  Data  Gb  Inits.o [1]
buffer4                 0x2000'0c10   0x400  Data  Gb  Inits.o [1]
buffer5                 0x2000'1010   0x400  Data  Gb  Inits.o [1]
buffer6                 0x2000'1410   0x400  Data  Gb  Inits.o [1]
buffer7                 0x2000'1810   0x400  Data  Gb  Inits.o [1]
buffer8                 0x2000'1c10   0x400  Data  Gb  Inits.o [1]
conf                    0x2000'85e8  0x10c8  Data  Gb  Inits.o [1]
confTimStr              0x2000'2424    0x10  Data  Gb  Inits.o [1]
exit                     0x800'3c0f     0x4  Code  Gb  exit.o [2]
gey                     0x2000'23d0    0x54  Data  Gb  Inits.o [1]
gpsClass                0x2000'97fc    0x18  Data  Gb  Inits.o [1]
hadc2                   0x2000'9814    0x64  Data  Gb  main.o [1]
hrtc                    0x2000'9b20    0x24  Data  Gb  main.o [1]
hspi1                   0x2000'9878    0x64  Data  Gb  main.o [1]
hspi3                   0x2000'98dc    0x64  Data  Gb  main.o [1]
htim1                   0x2000'9bc4    0x40  Data  Gb  main.o [1]
htim15                  0x2000'9b84    0x40  Data  Gb  main.o [1]
htim3                   0x2000'9b44    0x40  Data  Gb  main.o [1]
huart1                  0x2000'99b8    0x78  Data  Gb  main.o [1]
huart2                  0x2000'9a30    0x78  Data  Gb  main.o [1]
huart3                  0x2000'9aa8    0x78  Data  Gb  main.o [1]
huart4                  0x2000'9940    0x78  Data  Gb  main.o [1]
iBD                     0x2000'2028    0x18  Data  Gb  Inits.o [1]
iGPS                    0x2000'97e4    0x18  Data  Gb  Inits.o [1]
iUSB                    0x2000'2010    0x18  Data  Gb  Inits.o [1]
infoMode                0x2000'237c    0x54  Data  Gb  Inits.o [1]
keyE                    0x2000'97cc     0xc  Data  Gb  Inits.o [1]
keyL                    0x2000'97c0     0xc  Data  Gb  Inits.o [1]
keyO                    0x2000'97d8     0xc  Data  Gb  Inits.o [1]
keyR                    0x2000'97b4     0xc  Data  Gb  Inits.o [1]
keyTimStr               0x2000'9768    0x40  Data  Gb  Inits.o [1]
main                     0x800'17b1   0x292  Code  Gb  main.o [1]
specMode                0x2000'244c  0x619c  Data  Gb  Inits.o [1]
test                    0x2000'22d4    0x54  Data  Gb  Inits.o [1]
test2                   0x2000'2328    0x54  Data  Gb  Inits.o [1]
timBD                   0x2000'2070     0xc  Data  Gb  Inits.o [1]
timBDStr                0x2000'2040    0x30  Data  Gb  Inits.o [1]
timDiag                 0x2000'2434     0xc  Data  Gb  Inits.o [1]
timKeys                 0x2000'97a8     0xc  Data  Gb  Inits.o [1]
timSpec                 0x2000'2440     0xc  Data  Gb  Inits.o [1]
uwTick                  0x2000'9c34     0x4  Data  Gb  stm32l4xx_hal.o [1]


[1] = D:\Work\BOI_STM32_476VG\EWARM\BOI_STM32_476VG\Obj
[2] = dl7M_tlf.a
[3] = dlpp7M_tl_fc.a
[4] = m7M_tls.a
[5] = rt7M_tl.a
[6] = shb_l.a

  15 337 bytes of readonly  code memory
     431 bytes of readonly  data memory
  41 017 bytes of readwrite data memory

Errors: 12
Warnings: none
